// Jest Snapshot v1, https://goo.gl/fbAQLP

exports[`when applied with uglifyOptions.ecma matches snapshot for ecma 5: errors 1`] = `Array []`;

exports[`when applied with uglifyOptions.ecma matches snapshot for ecma 5: main.js 1`] = `
"webpackJsonp([ 0 ], [ function(e, a) {
    var l = {
        firstName: null,
        lastName: null
    }, n = Object.create(l, {
        id: {
            value: null,
            enumerable: !0,
            configurable: !0,
            writable: !0
        }
    }), r = Object.create(n, {
        department: {
            value: null,
            enumerable: !0,
            configurable: !0,
            writable: !0
        }
    });
    e.exports = {
        Person: l,
        Employee: n,
        Manager: r
    };
} ], [ 0 ]);"
`;

exports[`when applied with uglifyOptions.ecma matches snapshot for ecma 5: manifest.js 1`] = `
"!function(r) {
    var n = window.webpackJsonp;
    window.webpackJsonp = function(e, u, c) {
        for (var f, i, p, a = 0, l = []; a < e.length; a++) i = e[a], o[i] && l.push(o[i][0]), 
        o[i] = 0;
        for (f in u) Object.prototype.hasOwnProperty.call(u, f) && (r[f] = u[f]);
        for (n && n(e, u, c); l.length; ) l.shift()();
        if (c) for (a = 0; a < c.length; a++) p = t(t.s = c[a]);
        return p;
    };
    var e = {}, o = {
        1: 0
    };
    function t(n) {
        if (e[n]) return e[n].exports;
        var o = e[n] = {
            i: n,
            l: !1,
            exports: {}
        };
        return r[n].call(o.exports, o, o.exports, t), o.l = !0, o.exports;
    }
    t.m = r, t.c = e, t.d = function(r, n, e) {
        t.o(r, n) || Object.defineProperty(r, n, {
            configurable: !1,
            enumerable: !0,
            get: e
        });
    }, t.n = function(r) {
        var n = r && r.__esModule ? function() {
            return r.default;
        } : function() {
            return r;
        };
        return t.d(n, \\"a\\", n), n;
    }, t.o = function(r, n) {
        return Object.prototype.hasOwnProperty.call(r, n);
    }, t.p = \\"\\", t.oe = function(r) {
        throw console.error(r), r;
    };
}([]);"
`;

exports[`when applied with uglifyOptions.ecma matches snapshot for ecma 5: warnings 1`] = `Array []`;

exports[`when applied with uglifyOptions.ecma matches snapshot for ecma 6: errors 1`] = `Array []`;

exports[`when applied with uglifyOptions.ecma matches snapshot for ecma 6: main.js 1`] = `
"webpackJsonp([ 0 ], [ function(t, e) {
    t.exports = class {
        constructor(t, e, i) {
            this.principal = t, this.years = e, this.rate = i;
        }
        get monthlyPayment() {
            let t = this.rate / 100 / 12;
            return this.principal * t / (1 - Math.pow(1 / (1 + t), 12 * this.years));
        }
        get amortization() {
            let t = this.monthlyPayment, e = this.rate / 100 / 12, i = this.principal, r = [];
            for (let s = 0; s < this.years; s++) {
                let s = 0, a = 0;
                for (let r = 0; r < 12; r++) {
                    let r = i * e, n = t - r;
                    s += r, a += n, i -= n;
                }
                r.push({
                    principalY: a,
                    interestY: s,
                    balance: i
                });
            }
            return r;
        }
    };
} ], [ 0 ]);"
`;

exports[`when applied with uglifyOptions.ecma matches snapshot for ecma 6: manifest.js 1`] = `
"!function(r) {
    var n = window.webpackJsonp;
    window.webpackJsonp = function(e, u, c) {
        for (var f, i, p, a = 0, l = []; a < e.length; a++) i = e[a], o[i] && l.push(o[i][0]), 
        o[i] = 0;
        for (f in u) Object.prototype.hasOwnProperty.call(u, f) && (r[f] = u[f]);
        for (n && n(e, u, c); l.length; ) l.shift()();
        if (c) for (a = 0; a < c.length; a++) p = t(t.s = c[a]);
        return p;
    };
    var e = {}, o = {
        1: 0
    };
    function t(n) {
        if (e[n]) return e[n].exports;
        var o = e[n] = {
            i: n,
            l: !1,
            exports: {}
        };
        return r[n].call(o.exports, o, o.exports, t), o.l = !0, o.exports;
    }
    t.m = r, t.c = e, t.d = function(r, n, e) {
        t.o(r, n) || Object.defineProperty(r, n, {
            configurable: !1,
            enumerable: !0,
            get: e
        });
    }, t.n = function(r) {
        var n = r && r.__esModule ? function() {
            return r.default;
        } : function() {
            return r;
        };
        return t.d(n, \\"a\\", n), n;
    }, t.o = function(r, n) {
        return Object.prototype.hasOwnProperty.call(r, n);
    }, t.p = \\"\\", t.oe = function(r) {
        throw console.error(r), r;
    };
}([]);"
`;

exports[`when applied with uglifyOptions.ecma matches snapshot for ecma 6: warnings 1`] = `Array []`;

exports[`when applied with uglifyOptions.ecma matches snapshot for ecma 7: errors 1`] = `Array []`;

exports[`when applied with uglifyOptions.ecma matches snapshot for ecma 7: main.js 1`] = `
"webpackJsonp([ 0 ], [ function(n, o) {
    n.exports = function(n, o) {
        return n ** o;
    };
} ], [ 0 ]);"
`;

exports[`when applied with uglifyOptions.ecma matches snapshot for ecma 7: manifest.js 1`] = `
"!function(r) {
    var n = window.webpackJsonp;
    window.webpackJsonp = function(e, u, c) {
        for (var f, i, p, a = 0, l = []; a < e.length; a++) i = e[a], o[i] && l.push(o[i][0]), 
        o[i] = 0;
        for (f in u) Object.prototype.hasOwnProperty.call(u, f) && (r[f] = u[f]);
        for (n && n(e, u, c); l.length; ) l.shift()();
        if (c) for (a = 0; a < c.length; a++) p = t(t.s = c[a]);
        return p;
    };
    var e = {}, o = {
        1: 0
    };
    function t(n) {
        if (e[n]) return e[n].exports;
        var o = e[n] = {
            i: n,
            l: !1,
            exports: {}
        };
        return r[n].call(o.exports, o, o.exports, t), o.l = !0, o.exports;
    }
    t.m = r, t.c = e, t.d = function(r, n, e) {
        t.o(r, n) || Object.defineProperty(r, n, {
            configurable: !1,
            enumerable: !0,
            get: e
        });
    }, t.n = function(r) {
        var n = r && r.__esModule ? function() {
            return r.default;
        } : function() {
            return r;
        };
        return t.d(n, \\"a\\", n), n;
    }, t.o = function(r, n) {
        return Object.prototype.hasOwnProperty.call(r, n);
    }, t.p = \\"\\", t.oe = function(r) {
        throw console.error(r), r;
    };
}([]);"
`;

exports[`when applied with uglifyOptions.ecma matches snapshot for ecma 7: warnings 1`] = `Array []`;

exports[`when applied with uglifyOptions.ecma matches snapshot for ecma 8: errors 1`] = `Array []`;

exports[`when applied with uglifyOptions.ecma matches snapshot for ecma 8: main.js 1`] = `
"webpackJsonp([ 0 ], [ function(t, a) {
    t.exports = async function(t) {
        try {
            let a = await fetch(t), c = await a.text();
            return JSON.parse(c);
        } catch (t) {
            console.log(\`ERROR: \${t.stack}\`);
        }
    };
} ], [ 0 ]);"
`;

exports[`when applied with uglifyOptions.ecma matches snapshot for ecma 8: manifest.js 1`] = `
"!function(r) {
    var n = window.webpackJsonp;
    window.webpackJsonp = function(e, u, c) {
        for (var f, i, p, a = 0, l = []; a < e.length; a++) i = e[a], o[i] && l.push(o[i][0]), 
        o[i] = 0;
        for (f in u) Object.prototype.hasOwnProperty.call(u, f) && (r[f] = u[f]);
        for (n && n(e, u, c); l.length; ) l.shift()();
        if (c) for (a = 0; a < c.length; a++) p = t(t.s = c[a]);
        return p;
    };
    var e = {}, o = {
        1: 0
    };
    function t(n) {
        if (e[n]) return e[n].exports;
        var o = e[n] = {
            i: n,
            l: !1,
            exports: {}
        };
        return r[n].call(o.exports, o, o.exports, t), o.l = !0, o.exports;
    }
    t.m = r, t.c = e, t.d = function(r, n, e) {
        t.o(r, n) || Object.defineProperty(r, n, {
            configurable: !1,
            enumerable: !0,
            get: e
        });
    }, t.n = function(r) {
        var n = r && r.__esModule ? function() {
            return r.default;
        } : function() {
            return r;
        };
        return t.d(n, \\"a\\", n), n;
    }, t.o = function(r, n) {
        return Object.prototype.hasOwnProperty.call(r, n);
    }, t.p = \\"\\", t.oe = function(r) {
        throw console.error(r), r;
    };
}([]);"
`;

exports[`when applied with uglifyOptions.ecma matches snapshot for ecma 8: warnings 1`] = `Array []`;

exports[`when applied with uglifyOptions.ecma matches snapshot for import and export: errors 1`] = `Array []`;

exports[`when applied with uglifyOptions.ecma matches snapshot for import and export: main.js 1`] = `
"webpackJsonp([ 0 ], [ function(t, a, e) {
    \\"use strict\\";
    Object.defineProperty(a, \\"__esModule\\", {
        value: !0
    });
    var n = e(1);
    a.default = function() {
        const t = n.b, a = \`baz\${Math.random()}\`;
        return () => ({
            a: t + n.a + a,
            b: t,
            baz: a
        });
    };
}, function(t, a, e) {
    \\"use strict\\";
    a.a = \\"bar\\", a.b = \\"foo\\";
} ], [ 0 ]);"
`;

exports[`when applied with uglifyOptions.ecma matches snapshot for import and export: manifest.js 1`] = `
"!function(r) {
    var n = window.webpackJsonp;
    window.webpackJsonp = function(e, u, c) {
        for (var f, i, p, a = 0, l = []; a < e.length; a++) i = e[a], o[i] && l.push(o[i][0]), 
        o[i] = 0;
        for (f in u) Object.prototype.hasOwnProperty.call(u, f) && (r[f] = u[f]);
        for (n && n(e, u, c); l.length; ) l.shift()();
        if (c) for (a = 0; a < c.length; a++) p = t(t.s = c[a]);
        return p;
    };
    var e = {}, o = {
        1: 0
    };
    function t(n) {
        if (e[n]) return e[n].exports;
        var o = e[n] = {
            i: n,
            l: !1,
            exports: {}
        };
        return r[n].call(o.exports, o, o.exports, t), o.l = !0, o.exports;
    }
    t.m = r, t.c = e, t.d = function(r, n, e) {
        t.o(r, n) || Object.defineProperty(r, n, {
            configurable: !1,
            enumerable: !0,
            get: e
        });
    }, t.n = function(r) {
        var n = r && r.__esModule ? function() {
            return r.default;
        } : function() {
            return r;
        };
        return t.d(n, \\"a\\", n), n;
    }, t.o = function(r, n) {
        return Object.prototype.hasOwnProperty.call(r, n);
    }, t.p = \\"\\", t.oe = function(r) {
        throw console.error(r), r;
    };
}([]);"
`;

exports[`when applied with uglifyOptions.ecma matches snapshot for import and export: warnings 1`] = `Array []`;
